------------------------------------------------------------
Timing Analyzer Summary
------------------------------------------------------------

Type  : Slow 1200mV 85C Model Setup 'RELOJ'
Slack : -15.103
TNS   : -12480.105

Type  : Slow 1200mV 85C Model Setup 'reg_acoplo_3:inst16|selop[0]'
Slack : -9.330
TNS   : -140.668

Type  : Slow 1200mV 85C Model Setup 'reg_acoplo_3:inst16|selfalgs[1]'
Slack : -7.073
TNS   : -23.479

Type  : Slow 1200mV 85C Model Setup 'reg_acoplo_3:inst16|selfalgs[0]'
Slack : -6.732
TNS   : -19.072

Type  : Slow 1200mV 85C Model Hold 'reg_acoplo_3:inst16|selfalgs[0]'
Slack : 0.054
TNS   : 0.000

Type  : Slow 1200mV 85C Model Hold 'reg_acoplo_3:inst16|selfalgs[1]'
Slack : 0.436
TNS   : 0.000

Type  : Slow 1200mV 85C Model Hold 'reg_acoplo_3:inst16|selop[0]'
Slack : 0.485
TNS   : 0.000

Type  : Slow 1200mV 85C Model Hold 'RELOJ'
Slack : 0.656
TNS   : 0.000

Type  : Slow 1200mV 85C Model Minimum Pulse Width 'RELOJ'
Slack : -3.000
TNS   : -1608.960

Type  : Slow 1200mV 85C Model Minimum Pulse Width 'reg_acoplo_3:inst16|selop[0]'
Slack : 0.315
TNS   : 0.000

Type  : Slow 1200mV 85C Model Minimum Pulse Width 'reg_acoplo_3:inst16|selfalgs[0]'
Slack : 0.349
TNS   : 0.000

Type  : Slow 1200mV 85C Model Minimum Pulse Width 'reg_acoplo_3:inst16|selfalgs[1]'
Slack : 0.418
TNS   : 0.000

Type  : Slow 1200mV 0C Model Setup 'RELOJ'
Slack : -14.455
TNS   : -11907.422

Type  : Slow 1200mV 0C Model Setup 'reg_acoplo_3:inst16|selop[0]'
Slack : -8.724
TNS   : -132.333

Type  : Slow 1200mV 0C Model Setup 'reg_acoplo_3:inst16|selfalgs[1]'
Slack : -6.840
TNS   : -22.431

Type  : Slow 1200mV 0C Model Setup 'reg_acoplo_3:inst16|selfalgs[0]'
Slack : -6.528
TNS   : -18.299

Type  : Slow 1200mV 0C Model Hold 'reg_acoplo_3:inst16|selfalgs[0]'
Slack : 0.034
TNS   : 0.000

Type  : Slow 1200mV 0C Model Hold 'reg_acoplo_3:inst16|selop[0]'
Slack : 0.257
TNS   : 0.000

Type  : Slow 1200mV 0C Model Hold 'reg_acoplo_3:inst16|selfalgs[1]'
Slack : 0.383
TNS   : 0.000

Type  : Slow 1200mV 0C Model Hold 'RELOJ'
Slack : 0.599
TNS   : 0.000

Type  : Slow 1200mV 0C Model Minimum Pulse Width 'RELOJ'
Slack : -3.000
TNS   : -1608.984

Type  : Slow 1200mV 0C Model Minimum Pulse Width 'reg_acoplo_3:inst16|selop[0]'
Slack : 0.226
TNS   : 0.000

Type  : Slow 1200mV 0C Model Minimum Pulse Width 'reg_acoplo_3:inst16|selfalgs[0]'
Slack : 0.293
TNS   : 0.000

Type  : Slow 1200mV 0C Model Minimum Pulse Width 'reg_acoplo_3:inst16|selfalgs[1]'
Slack : 0.341
TNS   : 0.000

Type  : Fast 1200mV 0C Model Setup 'RELOJ'
Slack : -5.167
TNS   : -4176.921

Type  : Fast 1200mV 0C Model Setup 'reg_acoplo_3:inst16|selop[0]'
Slack : -3.297
TNS   : -48.774

Type  : Fast 1200mV 0C Model Setup 'reg_acoplo_3:inst16|selfalgs[1]'
Slack : -2.160
TNS   : -6.256

Type  : Fast 1200mV 0C Model Setup 'reg_acoplo_3:inst16|selfalgs[0]'
Slack : -2.037
TNS   : -5.432

Type  : Fast 1200mV 0C Model Hold 'reg_acoplo_3:inst16|selfalgs[0]'
Slack : 0.023
TNS   : 0.000

Type  : Fast 1200mV 0C Model Hold 'reg_acoplo_3:inst16|selfalgs[1]'
Slack : 0.161
TNS   : 0.000

Type  : Fast 1200mV 0C Model Hold 'reg_acoplo_3:inst16|selop[0]'
Slack : 0.203
TNS   : 0.000

Type  : Fast 1200mV 0C Model Hold 'RELOJ'
Slack : 0.242
TNS   : 0.000

Type  : Fast 1200mV 0C Model Minimum Pulse Width 'RELOJ'
Slack : -3.000
TNS   : -1148.424

Type  : Fast 1200mV 0C Model Minimum Pulse Width 'reg_acoplo_3:inst16|selfalgs[0]'
Slack : 0.365
TNS   : 0.000

Type  : Fast 1200mV 0C Model Minimum Pulse Width 'reg_acoplo_3:inst16|selfalgs[1]'
Slack : 0.389
TNS   : 0.000

Type  : Fast 1200mV 0C Model Minimum Pulse Width 'reg_acoplo_3:inst16|selop[0]'
Slack : 0.420
TNS   : 0.000

------------------------------------------------------------
